// Jest Snapshot v1, https://goo.gl/fbAQLP

exports[`Renders temperature in kelvin to celcius using snaphot testing 1`] = `
<div
  className="weather-card"
>
  <div
    className="weather-icon cloud"
  />
  <h1
    className="temp"
    id="temp"
  >
    27
    ยบ
  </h1>
  <br />
  <p
    id="location"
  >
    london
  </p>
</div>
`;
